core_cm7.h:1834:22:void NVIC_EnableIRQ(IRQn_Type)	16	static
core_cm7.h:1906:22:void NVIC_SetPriority(IRQn_Type, uint32_t)	16	static
initialisation.cpp:18:6:void SystemClock_Config()	4	static
initialisation.cpp:69:6:void InitSysTick()	4	static
initialisation.cpp:87:6:void InitLCDHardware()	4	static
initialisation.cpp:143:6:void InitADC()	4	static
initialisation.cpp:209:6:void InitSampleAcquisition()	8	static
initialisation.cpp:223:6:void InitCoverageTimer()	8	static
initialisation.cpp:235:6:void InitDebounceTimer()	4	static
initialisation.cpp:241:6:void InitEncoders()	8	static
initialisation.cpp:297:6:void InitUART()	16	static
initialisation.cpp:321:6:void InitDAC()	4	static
