new:146:14:void* operator new(std::size_t, void*)	16	static
stl_deque.h:89:3:constexpr std::size_t std::__deque_buf_size(std::size_t)	16	static
gthr-default.h:229:1:int __gthread_key_delete(__gthread_key_t)	16	static
midi.cpp:33:84:MIDIHandler::ProcessMidi()::<lambda(MIDIEvent)>	16	static
midi.cpp:4:6:void MIDIHandler::ProcessMidi()	216	static
midi.cpp:73:6:void MIDIHandler::DrawEvent(const MIDIEvent&)	624	static
midi.cpp:118:13:std::__cxx11::string MIDIHandler::NoteName(const uint8_t&)	64	static
move.h:101:5:constexpr typename std::remove_reference< <template-parameter-1-1> >::type&& std::move(_Tp&&) [with _Tp = std::__cxx11::basic_string<char>&]	16	static
basic_string.h:5033:5:std::__cxx11::basic_string<_CharT, _Traits, _Alloc> std::operator+(const _CharT*, std::__cxx11::basic_string<_CharT, _Traits, _Alloc>&&) [with _CharT = char; _Traits = std::char_traits<char>; _Alloc = std::allocator<char>]	24	static
stl_queue.h:180:7:bool std::queue<_Tp, _Sequence>::empty() const [with _Tp = unsigned char; _Sequence = std::deque<unsigned char, std::allocator<unsigned char> >]	16	static
stl_queue.h:193:7:std::queue<_Tp, _Sequence>::reference std::queue<_Tp, _Sequence>::front() [with _Tp = unsigned char; _Sequence = std::deque<unsigned char, std::allocator<unsigned char> >]	16	static
stl_queue.h:185:7:std::queue<_Tp, _Sequence>::size_type std::queue<_Tp, _Sequence>::size() const [with _Tp = unsigned char; _Sequence = std::deque<unsigned char, std::allocator<unsigned char> >]	16	static
stl_queue.h:268:7:void std::queue<_Tp, _Sequence>::pop() [with _Tp = unsigned char; _Sequence = std::deque<unsigned char, std::allocator<unsigned char> >]	16	static
stl_deque.h:1350:7:bool std::deque<_Tp, _Alloc>::empty() const [with _Tp = MIDIEvent; _Alloc = std::allocator<MIDIEvent>]	16	static
stl_deque.h:1194:7:std::deque<_Tp, _Alloc>::reverse_iterator std::deque<_Tp, _Alloc>::rbegin() [with _Tp = MIDIEvent; _Alloc = std::allocator<MIDIEvent>]	32	static
stl_iterator_base_types.h:118:12:constexpr std::iterator<std::random_access_iterator_tag, MIDIEvent, int, MIDIEvent*, MIDIEvent&>::iterator()	16	static
stl_iterator.h:132:7:std::reverse_iterator<_Iterator>::reverse_iterator(const std::reverse_iterator<_Iterator>&) [with _Iterator = std::_Deque_iterator<MIDIEvent, MIDIEvent&, MIDIEvent*>]	16	static
stl_iterator.h:173:7:std::reverse_iterator<_Iterator>::pointer std::reverse_iterator<_Iterator>::operator->() const [with _Iterator = std::_Deque_iterator<MIDIEvent, MIDIEvent&, MIDIEvent*>]	16	static
stl_deque.h:1212:7:std::deque<_Tp, _Alloc>::reverse_iterator std::deque<_Tp, _Alloc>::rend() [with _Tp = MIDIEvent; _Alloc = std::allocator<MIDIEvent>]	32	static
stl_algo.h:3808:5:_IIter std::find_if(_IIter, _IIter, _Predicate) [with _IIter = std::reverse_iterator<std::_Deque_iterator<MIDIEvent, MIDIEvent&, MIDIEvent*> >; _Predicate = MIDIHandler::ProcessMidi()::<lambda(MIDIEvent)>]	72	static
move.h:101:5:constexpr typename std::remove_reference< <template-parameter-1-1> >::type&& std::move(_Tp&&) [with _Tp = MIDIEvent&]	16	static
stl_deque.h:1532:7:void std::deque<_Tp, _Alloc>::push_back(std::deque<_Tp, _Alloc>::value_type&&) [with _Tp = MIDIEvent; _Alloc = std::allocator<MIDIEvent>]	16	static
stl_deque.h:1264:7:std::deque<_Tp, _Alloc>::size_type std::deque<_Tp, _Alloc>::size() const [with _Tp = MIDIEvent; _Alloc = std::allocator<MIDIEvent>]	16	static
stl_deque.h:1159:7:std::deque<_Tp, _Alloc>::iterator std::deque<_Tp, _Alloc>::begin() [with _Tp = MIDIEvent; _Alloc = std::allocator<MIDIEvent>]	16	static
stl_deque.h:149:7:std::_Deque_iterator<_Tp, _Ref, _Ptr>::_Deque_iterator(const iterator&) [with _Tp = MIDIEvent; _Ref = const MIDIEvent&; _Ptr = const MIDIEvent*]	16	static
stl_deque.h:1744:7:std::deque<_Tp, _Alloc>::iterator std::deque<_Tp, _Alloc>::erase(std::deque<_Tp, _Alloc>::const_iterator) [with _Tp = MIDIEvent; _Alloc = std::allocator<MIDIEvent>]	32	static
stl_deque.h:1248:7:std::deque<_Tp, _Alloc>::const_reverse_iterator std::deque<_Tp, _Alloc>::crbegin() const [with _Tp = MIDIEvent; _Alloc = std::allocator<MIDIEvent>]	40	static
stl_iterator_base_types.h:118:12:constexpr std::iterator<std::random_access_iterator_tag, MIDIEvent, int, const MIDIEvent*, const MIDIEvent&>::iterator()	16	static
stl_deque.h:1257:7:std::deque<_Tp, _Alloc>::const_reverse_iterator std::deque<_Tp, _Alloc>::crend() const [with _Tp = MIDIEvent; _Alloc = std::allocator<MIDIEvent>]	40	static
stl_iterator.h:304:5:bool std::operator!=(const std::reverse_iterator<_Iterator>&, const std::reverse_iterator<_Iterator>&) [with _Iterator = std::_Deque_iterator<MIDIEvent, const MIDIEvent&, const MIDIEvent*>]	16	static
stl_iterator.h:182:7:std::reverse_iterator<_Iterator>& std::reverse_iterator<_Iterator>::operator++() [with _Iterator = std::_Deque_iterator<MIDIEvent, const MIDIEvent&, const MIDIEvent*>]	16	static
stl_iterator.h:161:7:std::reverse_iterator<_Iterator>::reference std::reverse_iterator<_Iterator>::operator*() const [with _Iterator = std::_Deque_iterator<MIDIEvent, const MIDIEvent&, const MIDIEvent*>]	40	static
stl_algobase.h:195:5:const _Tp& std::min(const _Tp&, const _Tp&) [with _Tp = volatile long int]	16	static
basic_string.h:5045:5:std::__cxx11::basic_string<_CharT, _Traits, _Alloc> std::operator+(std::__cxx11::basic_string<_CharT, _Traits, _Alloc>&&, const _CharT*) [with _CharT = char; _Traits = std::char_traits<char>; _Alloc = std::allocator<char>]	24	static
basic_string.h:5015:5:std::__cxx11::basic_string<_CharT, _Traits, _Alloc> std::operator+(const std::__cxx11::basic_string<_CharT, _Traits, _Alloc>&, std::__cxx11::basic_string<_CharT, _Traits, _Alloc>&&) [with _CharT = char; _Traits = std::char_traits<char>; _Alloc = std::allocator<char>]	24	static
stl_deque.h:1350:7:bool std::deque<_Tp, _Alloc>::empty() const [with _Tp = unsigned char; _Alloc = std::allocator<unsigned char>]	16	static
stl_deque.h:1438:7:std::deque<_Tp, _Alloc>::reference std::deque<_Tp, _Alloc>::front() [with _Tp = unsigned char; _Alloc = std::allocator<unsigned char>]	32	static
stl_deque.h:1264:7:std::deque<_Tp, _Alloc>::size_type std::deque<_Tp, _Alloc>::size() const [with _Tp = unsigned char; _Alloc = std::allocator<unsigned char>]	16	static
stl_deque.h:1549:7:void std::deque<_Tp, _Alloc>::pop_front() [with _Tp = unsigned char; _Alloc = std::allocator<unsigned char>]	16	static
stl_deque.h:265:5:bool std::operator==(const std::_Deque_iterator<_Tp, _Ref, _Ptr>&, const std::_Deque_iterator<_Tp, _Ref, _Ptr>&) [with _Tp = MIDIEvent; _Ref = MIDIEvent&; _Ptr = MIDIEvent*]	16	static
stl_deque.h:149:7:std::_Deque_iterator<_Tp, _Ref, _Ptr>::_Deque_iterator(const iterator&) [with _Tp = MIDIEvent; _Ref = MIDIEvent&; _Ptr = MIDIEvent*]	16	static
stl_iterator.h:127:7:std::reverse_iterator<_Iterator>::reverse_iterator(std::reverse_iterator<_Iterator>::iterator_type) [with _Iterator = std::_Deque_iterator<MIDIEvent, MIDIEvent&, MIDIEvent*>]	16	static
stl_iterator.h:161:7:std::reverse_iterator<_Iterator>::reference std::reverse_iterator<_Iterator>::operator*() const [with _Iterator = std::_Deque_iterator<MIDIEvent, MIDIEvent&, MIDIEvent*>]	32	static
predefined_ops.h:246:5:__gnu_cxx::__ops::_Iter_pred<_Predicate> __gnu_cxx::__ops::__pred_iter(_Predicate) [with _Predicate = MIDIHandler::ProcessMidi()::<lambda(MIDIEvent)>]	24	static
stl_algo.h:159:5:_Iterator std::__find_if(_Iterator, _Iterator, _Predicate) [with _Iterator = std::reverse_iterator<std::_Deque_iterator<MIDIEvent, MIDIEvent&, MIDIEvent*> >; _Predicate = __gnu_cxx::__ops::_Iter_pred<MIDIHandler::ProcessMidi()::<lambda(MIDIEvent)> >]	80	static
move.h:76:5:constexpr _Tp&& std::forward(typename std::remove_reference<_From>::type&) [with _Tp = MIDIEvent]	16	static
deque.tcc:149:7:) [with _Args = {MIDIEvent}; _Tp = MIDIEvent; _Alloc = std::allocator<MIDIEvent>]	24	static
stl_deque.h:349:5:typename std::_Deque_iterator<_Tp, _Ref, _Ptr>::difference_type std::operator-(const std::_Deque_iterator<_Tp, _Ref, _Ptr>&, const std::_Deque_iterator<_Tp, _Ref, _Ptr>&) [with _Tp = MIDIEvent; _Ref = MIDIEvent&; _Ptr = MIDIEvent*]	16	static
stl_deque.h:154:7:std::_Deque_iterator<_Tp, _Ref, _Ptr>::iterator std::_Deque_iterator<_Tp, _Ref, _Ptr>::_M_const_cast() const [with _Tp = MIDIEvent; _Ref = const MIDIEvent&; _Ptr = const MIDIEvent*]	16	static
deque.tcc:217:5:std::deque<_Tp, _Alloc>::iterator std::deque<_Tp, _Alloc>::_M_erase(std::deque<_Tp, _Alloc>::iterator) [with _Tp = MIDIEvent; _Alloc = std::allocator<MIDIEvent>]	240	static
stl_iterator.h:127:7:std::reverse_iterator<_Iterator>::reverse_iterator(std::reverse_iterator<_Iterator>::iterator_type) [with _Iterator = std::_Deque_iterator<MIDIEvent, const MIDIEvent&, const MIDIEvent*>]	24	static
stl_iterator.h:292:5:bool std::operator==(const std::reverse_iterator<_Iterator>&, const std::reverse_iterator<_Iterator>&) [with _Iterator = std::_Deque_iterator<MIDIEvent, const MIDIEvent&, const MIDIEvent*>]	48	static
stl_deque.h:186:7:std::_Deque_iterator<_Tp, _Ref, _Ptr>::_Self& std::_Deque_iterator<_Tp, _Ref, _Ptr>::operator--() [with _Tp = MIDIEvent; _Ref = const MIDIEvent&; _Ptr = const MIDIEvent*]	16	static
stl_deque.h:158:7:std::_Deque_iterator<_Tp, _Ref, _Ptr>::reference std::_Deque_iterator<_Tp, _Ref, _Ptr>::operator*() const [with _Tp = MIDIEvent; _Ref = const MIDIEvent&; _Ptr = const MIDIEvent*]	16	static
stl_deque.h:265:5:bool std::operator==(const std::_Deque_iterator<_Tp, _Ref, _Ptr>&, const std::_Deque_iterator<_Tp, _Ref, _Ptr>&) [with _Tp = unsigned char; _Ref = unsigned char&; _Ptr = unsigned char*]	16	static
stl_deque.h:1159:7:std::deque<_Tp, _Alloc>::iterator std::deque<_Tp, _Alloc>::begin() [with _Tp = unsigned char; _Alloc = std::allocator<unsigned char>]	16	static
stl_deque.h:158:7:std::_Deque_iterator<_Tp, _Ref, _Ptr>::reference std::_Deque_iterator<_Tp, _Ref, _Ptr>::operator*() const [with _Tp = unsigned char; _Ref = unsigned char&; _Ptr = unsigned char*]	16	static
stl_deque.h:349:5:typename std::_Deque_iterator<_Tp, _Ref, _Ptr>::difference_type std::operator-(const std::_Deque_iterator<_Tp, _Ref, _Ptr>&, const std::_Deque_iterator<_Tp, _Ref, _Ptr>&) [with _Tp = unsigned char; _Ref = unsigned char&; _Ptr = unsigned char*]	16	static
alloc_traits.h:486:2:static void std::allocator_traits<std::allocator<_Tp1> >::destroy(std::allocator_traits<std::allocator<_Tp1> >::allocator_type&, _Up*) [with _Up = unsigned char; _Tp = unsigned char]	16	static
deque.tcc:546:10:void std::deque<_Tp, _Alloc>::_M_pop_front_aux() [with _Tp = unsigned char; _Alloc = std::allocator<unsigned char>]	16	static
stl_deque.h:186:7:std::_Deque_iterator<_Tp, _Ref, _Ptr>::_Self& std::_Deque_iterator<_Tp, _Ref, _Ptr>::operator--() [with _Tp = MIDIEvent; _Ref = MIDIEvent&; _Ptr = MIDIEvent*]	16	static
stl_deque.h:158:7:std::_Deque_iterator<_Tp, _Ref, _Ptr>::reference std::_Deque_iterator<_Tp, _Ref, _Ptr>::operator*() const [with _Tp = MIDIEvent; _Ref = MIDIEvent&; _Ptr = MIDIEvent*]	16	static
predefined_ops.h:234:7:__gnu_cxx::__ops::_Iter_pred<_Predicate>::_Iter_pred(_Predicate) [with _Predicate = MIDIHandler::ProcessMidi()::<lambda(MIDIEvent)>]	24	static
stl_iterator_base_types.h:204:5:typename std::iterator_traits<_Iterator>::iterator_category std::__iterator_category(const _Iter&) [with _Iter = std::reverse_iterator<std::_Deque_iterator<MIDIEvent, MIDIEvent&, MIDIEvent*> >]	16	static
stl_algo.h:112:5:_RandomAccessIterator std::__find_if(_RandomAccessIterator, _RandomAccessIterator, _Predicate, std::random_access_iterator_tag) [with _RandomAccessIterator = std::reverse_iterator<std::_Deque_iterator<MIDIEvent, MIDIEvent&, MIDIEvent*> >; _Predicate = __gnu_cxx::__ops::_Iter_pred<MIDIHandler::ProcessMidi()::<lambda(MIDIEvent)> >]	144	static
alloc_traits.h:474:2:) [with _Up = MIDIEvent; _Args = {MIDIEvent}; _Tp = MIDIEvent]	24	static
deque.tcc:462:7:) [with _Args = {MIDIEvent}; _Tp = MIDIEvent; _Alloc = std::allocator<MIDIEvent>]	24	static
stl_deque.h:126:21:static std::size_t std::_Deque_iterator<_Tp, _Ref, _Ptr>::_S_buffer_size() [with _Tp = MIDIEvent; _Ref = MIDIEvent&; _Ptr = MIDIEvent*]	8	static
stl_deque.h:142:7:std::_Deque_iterator<_Tp, _Ref, _Ptr>::_Deque_iterator(std::_Deque_iterator<_Tp, _Ref, _Ptr>::_Elt_pointer, std::_Deque_iterator<_Tp, _Ref, _Ptr>::_Map_pointer) [with _Tp = MIDIEvent; _Ref = MIDIEvent&; _Ptr = MIDIEvent*]	32	static
stl_deque.h:166:7:std::_Deque_iterator<_Tp, _Ref, _Ptr>::_Self& std::_Deque_iterator<_Tp, _Ref, _Ptr>::operator++() [with _Tp = MIDIEvent; _Ref = MIDIEvent&; _Ptr = MIDIEvent*]	16	static
stl_deque.h:278:5:bool std::operator!=(const std::_Deque_iterator<_Tp, _Ref, _Ptr>&, const std::_Deque_iterator<_Tp, _Ref, _Ptr>&) [with _Tp = MIDIEvent; _Ref = MIDIEvent&; _Ptr = MIDIEvent*]	16	static
stl_deque.h:437:5:std::_Deque_iterator<_Tp, _Tp&, _Tp*> std::move_backward(std::_Deque_iterator<_Tp, _Tp&, _Tp*>, std::_Deque_iterator<_Tp, _Tp&, _Tp*>, std::_Deque_iterator<_Tp, _Tp&, _Tp*>) [with _Tp = MIDIEvent]	112	static
stl_deque.h:1549:7:void std::deque<_Tp, _Alloc>::pop_front() [with _Tp = MIDIEvent; _Alloc = std::allocator<MIDIEvent>]	16	static
stl_deque.h:1176:7:std::deque<_Tp, _Alloc>::iterator std::deque<_Tp, _Alloc>::end() [with _Tp = MIDIEvent; _Alloc = std::allocator<MIDIEvent>]	16	static
stl_deque.h:422:5:std::_Deque_iterator<_Tp, _Tp&, _Tp*> std::move(std::_Deque_iterator<_Tp, _Tp&, _Tp*>, std::_Deque_iterator<_Tp, _Tp&, _Tp*>, std::_Deque_iterator<_Tp, _Tp&, _Tp*>) [with _Tp = MIDIEvent]	112	static
stl_deque.h:1571:7:void std::deque<_Tp, _Alloc>::pop_back() [with _Tp = MIDIEvent; _Alloc = std::allocator<MIDIEvent>]	16	static
stl_deque.h:225:7:std::_Deque_iterator<_Tp, _Ref, _Ptr>::_Self std::_Deque_iterator<_Tp, _Ref, _Ptr>::operator+(std::_Deque_iterator<_Tp, _Ref, _Ptr>::difference_type) const [with _Tp = MIDIEvent; _Ref = MIDIEvent&; _Ptr = MIDIEvent*]	40	static
stl_iterator.h:147:7:std::reverse_iterator<_Iterator>::iterator_type std::reverse_iterator<_Iterator>::base() const [with _Iterator = std::_Deque_iterator<MIDIEvent, const MIDIEvent&, const MIDIEvent*>]	16	static
stl_deque.h:265:5:bool std::operator==(const std::_Deque_iterator<_Tp, _Ref, _Ptr>&, const std::_Deque_iterator<_Tp, _Ref, _Ptr>&) [with _Tp = MIDIEvent; _Ref = const MIDIEvent&; _Ptr = const MIDIEvent*]	16	static
stl_deque.h:252:7:void std::_Deque_iterator<_Tp, _Ref, _Ptr>::_M_set_node(std::_Deque_iterator<_Tp, _Ref, _Ptr>::_Map_pointer) [with _Tp = MIDIEvent; _Ref = const MIDIEvent&; _Ptr = const MIDIEvent*]	24	static
stl_deque.h:149:7:std::_Deque_iterator<_Tp, _Ref, _Ptr>::_Deque_iterator(const iterator&) [with _Tp = unsigned char; _Ref = unsigned char&; _Ptr = unsigned char*]	16	static
stl_deque.h:126:21:static std::size_t std::_Deque_iterator<_Tp, _Ref, _Ptr>::_S_buffer_size() [with _Tp = unsigned char; _Ref = unsigned char&; _Ptr = unsigned char*]	8	static
new_allocator.h:124:9:void __gnu_cxx::new_allocator<_Tp>::destroy(_Up*) [with _Up = unsigned char; _Tp = unsigned char]	16	static
stl_deque.h:585:7:std::_Deque_base<_Tp, _Alloc>::_Tp_alloc_type& std::_Deque_base<_Tp, _Alloc>::_M_get_Tp_allocator() [with _Tp = unsigned char; _Alloc = std::allocator<unsigned char>]	16	static
stl_deque.h:604:7:void std::_Deque_base<_Tp, _Alloc>::_M_deallocate_node(std::_Deque_base<_Tp, _Alloc>::_Ptr) [with _Tp = unsigned char; _Alloc = std::allocator<unsigned char>]	24	static
stl_deque.h:252:7:void std::_Deque_iterator<_Tp, _Ref, _Ptr>::_M_set_node(std::_Deque_iterator<_Tp, _Ref, _Ptr>::_Map_pointer) [with _Tp = unsigned char; _Ref = unsigned char&; _Ptr = unsigned char*]	24	static
stl_deque.h:252:7:void std::_Deque_iterator<_Tp, _Ref, _Ptr>::_M_set_node(std::_Deque_iterator<_Tp, _Ref, _Ptr>::_Map_pointer) [with _Tp = MIDIEvent; _Ref = MIDIEvent&; _Ptr = MIDIEvent*]	24	static
stl_iterator.h:333:5:base())) std::operator-(const std::reverse_iterator<_Iterator>&, const std::reverse_iterator<_Iterator>&) [with _Iterator = std::_Deque_iterator<MIDIEvent, MIDIEvent&, MIDIEvent*>]	48	static
predefined_ops.h:240:2:bool __gnu_cxx::__ops::_Iter_pred<_Predicate>::operator()(_Iterator) [with _Iterator = std::reverse_iterator<std::_Deque_iterator<MIDIEvent, MIDIEvent&, MIDIEvent*> >; _Predicate = MIDIHandler::ProcessMidi()::<lambda(MIDIEvent)>]	32	static
stl_iterator.h:182:7:std::reverse_iterator<_Iterator>& std::reverse_iterator<_Iterator>::operator++() [with _Iterator = std::_Deque_iterator<MIDIEvent, MIDIEvent&, MIDIEvent*>]	16	static
new_allocator.h:119:9:) [with _Up = MIDIEvent; _Args = {MIDIEvent}; _Tp = MIDIEvent]	32	static
stl_deque.h:2112:7:void std::deque<_Tp, _Alloc>::_M_reserve_map_at_back(std::deque<_Tp, _Alloc>::size_type) [with _Tp = MIDIEvent; _Alloc = std::allocator<MIDIEvent>]	16	static
stl_deque.h:597:7:std::_Deque_base<_Tp, _Alloc>::_Ptr std::_Deque_base<_Tp, _Alloc>::_M_allocate_node() [with _Tp = MIDIEvent; _Alloc = std::allocator<MIDIEvent>]	24	static
stl_deque.h:604:7:void std::_Deque_base<_Tp, _Alloc>::_M_deallocate_node(std::_Deque_base<_Tp, _Alloc>::_Ptr) [with _Tp = MIDIEvent; _Alloc = std::allocator<MIDIEvent>]	24	static
deque.tcc:1055:5:std::_Deque_iterator<_Tp, _Tp&, _Tp*> std::move_backward(std::_Deque_iterator<_Tp, const _Tp&, const _Tp*>, std::_Deque_iterator<_Tp, const _Tp&, const _Tp*>, std::_Deque_iterator<_Tp, _Tp&, _Tp*>) [with _Tp = MIDIEvent]	40	static
alloc_traits.h:486:2:static void std::allocator_traits<std::allocator<_Tp1> >::destroy(std::allocator_traits<std::allocator<_Tp1> >::allocator_type&, _Up*) [with _Up = MIDIEvent; _Tp = MIDIEvent]	16	static
deque.tcc:546:10:void std::deque<_Tp, _Alloc>::_M_pop_front_aux() [with _Tp = MIDIEvent; _Alloc = std::allocator<MIDIEvent>]	16	static
deque.tcc:1032:5:std::_Deque_iterator<_Tp, _Tp&, _Tp*> std::move(std::_Deque_iterator<_Tp, const _Tp&, const _Tp*>, std::_Deque_iterator<_Tp, const _Tp&, const _Tp*>, std::_Deque_iterator<_Tp, _Tp&, _Tp*>) [with _Tp = MIDIEvent]	32	static
deque.tcc:530:10:void std::deque<_Tp, _Alloc>::_M_pop_back_aux() [with _Tp = MIDIEvent; _Alloc = std::allocator<MIDIEvent>]	16	static
stl_deque.h:206:7:std::_Deque_iterator<_Tp, _Ref, _Ptr>::_Self& std::_Deque_iterator<_Tp, _Ref, _Ptr>::operator+=(std::_Deque_iterator<_Tp, _Ref, _Ptr>::difference_type) [with _Tp = MIDIEvent; _Ref = MIDIEvent&; _Ptr = MIDIEvent*]	32	static
stl_deque.h:126:21:static std::size_t std::_Deque_iterator<_Tp, _Ref, _Ptr>::_S_buffer_size() [with _Tp = MIDIEvent; _Ref = const MIDIEvent&; _Ptr = const MIDIEvent*]	8	static
alloc_traits.h:461:7:static void std::allocator_traits<std::allocator<_Tp1> >::deallocate(std::allocator_traits<std::allocator<_Tp1> >::allocator_type&, std::allocator_traits<std::allocator<_Tp1> >::pointer, std::allocator_traits<std::allocator<_Tp1> >::size_type) [with _Tp = unsigned char]	24	static
stl_iterator.h:147:7:std::reverse_iterator<_Iterator>::iterator_type std::reverse_iterator<_Iterator>::base() const [with _Iterator = std::_Deque_iterator<MIDIEvent, MIDIEvent&, MIDIEvent*>]	16	static
deque.tcc:901:5:void std::deque<_Tp, _Alloc>::_M_reallocate_map(std::deque<_Tp, _Alloc>::size_type, bool) [with _Tp = MIDIEvent; _Alloc = std::allocator<MIDIEvent>]	56	static
alloc_traits.h:435:7:static _Tp* std::allocator_traits<std::allocator<_Tp1> >::allocate(std::allocator_traits<std::allocator<_Tp1> >::allocator_type&, std::allocator_traits<std::allocator<_Tp1> >::size_type) [with _Tp = MIDIEvent]	16	static
alloc_traits.h:461:7:static void std::allocator_traits<std::allocator<_Tp1> >::deallocate(std::allocator_traits<std::allocator<_Tp1> >::allocator_type&, std::allocator_traits<std::allocator<_Tp1> >::pointer, std::allocator_traits<std::allocator<_Tp1> >::size_type) [with _Tp = MIDIEvent]	24	static
stl_deque.h:349:5:typename std::_Deque_iterator<_Tp, _Ref, _Ptr>::difference_type std::operator-(const std::_Deque_iterator<_Tp, _Ref, _Ptr>&, const std::_Deque_iterator<_Tp, _Ref, _Ptr>&) [with _Tp = MIDIEvent; _Ref = const MIDIEvent&; _Ptr = const MIDIEvent*]	16	static
stl_algobase.h:195:5:const _Tp& std::min(const _Tp&, const _Tp&) [with _Tp = int]	16	static
stl_algobase.h:658:5:_BI2 std::move_backward(_BI1, _BI1, _BI2) [with _BI1 = MIDIEvent*; _BI2 = MIDIEvent*]	32	static
stl_deque.h:232:7:std::_Deque_iterator<_Tp, _Ref, _Ptr>::_Self& std::_Deque_iterator<_Tp, _Ref, _Ptr>::operator-=(std::_Deque_iterator<_Tp, _Ref, _Ptr>::difference_type) [with _Tp = MIDIEvent; _Ref = const MIDIEvent&; _Ptr = const MIDIEvent*]	16	static
stl_deque.h:232:7:std::_Deque_iterator<_Tp, _Ref, _Ptr>::_Self& std::_Deque_iterator<_Tp, _Ref, _Ptr>::operator-=(std::_Deque_iterator<_Tp, _Ref, _Ptr>::difference_type) [with _Tp = MIDIEvent; _Ref = MIDIEvent&; _Ptr = MIDIEvent*]	16	static
new_allocator.h:124:9:void __gnu_cxx::new_allocator<_Tp>::destroy(_Up*) [with _Up = MIDIEvent; _Tp = MIDIEvent]	16	static
stl_deque.h:585:7:std::_Deque_base<_Tp, _Alloc>::_Tp_alloc_type& std::_Deque_base<_Tp, _Alloc>::_M_get_Tp_allocator() [with _Tp = MIDIEvent; _Alloc = std::allocator<MIDIEvent>]	16	static
stl_algobase.h:479:5:_OI std::move(_II, _II, _OI) [with _II = MIDIEvent*; _OI = MIDIEvent*]	32	static
stl_deque.h:206:7:std::_Deque_iterator<_Tp, _Ref, _Ptr>::_Self& std::_Deque_iterator<_Tp, _Ref, _Ptr>::operator+=(std::_Deque_iterator<_Tp, _Ref, _Ptr>::difference_type) [with _Tp = MIDIEvent; _Ref = const MIDIEvent&; _Ptr = const MIDIEvent*]	32	static
new_allocator.h:109:7:void __gnu_cxx::new_allocator<_Tp>::deallocate(__gnu_cxx::new_allocator<_Tp>::pointer, __gnu_cxx::new_allocator<_Tp>::size_type) [with _Tp = unsigned char]	24	static
stl_algobase.h:446:5:_OI std::copy(_II, _II, _OI) [with _II = MIDIEvent**; _OI = MIDIEvent**]	32	static
stl_algobase.h:622:5:_BI2 std::copy_backward(_BI1, _BI1, _BI2) [with _BI1 = MIDIEvent**; _BI2 = MIDIEvent**]	32	static
stl_algobase.h:219:5:const _Tp& std::max(const _Tp&, const _Tp&) [with _Tp = unsigned int]	16	static
stl_deque.h:611:7:std::_Deque_base<_Tp, _Alloc>::_Map_pointer std::_Deque_base<_Tp, _Alloc>::_M_allocate_map(std::size_t) [with _Tp = MIDIEvent; _Alloc = std::allocator<MIDIEvent>]	32	static
stl_deque.h:618:7:void std::_Deque_base<_Tp, _Alloc>::_M_deallocate_map(std::_Deque_base<_Tp, _Alloc>::_Map_pointer, std::size_t) [with _Tp = MIDIEvent; _Alloc = std::allocator<MIDIEvent>]	32	static
new_allocator.h:99:7:_Tp* __gnu_cxx::new_allocator<_Tp>::allocate(__gnu_cxx::new_allocator<_Tp>::size_type, const void*) [with _Tp = MIDIEvent]	24	static
new_allocator.h:109:7:void __gnu_cxx::new_allocator<_Tp>::deallocate(__gnu_cxx::new_allocator<_Tp>::pointer, __gnu_cxx::new_allocator<_Tp>::size_type) [with _Tp = MIDIEvent]	24	static
cpp_type_traits.h:408:5:_Iterator std::__miter_base(_Iterator) [with _Iterator = MIDIEvent*]	16	static
stl_algobase.h:595:5:_BI2 std::__copy_move_backward_a2(_BI1, _BI1, _BI2) [with bool _IsMove = true; _BI1 = MIDIEvent*; _BI2 = MIDIEvent*]	32	static
stl_algobase.h:420:5:_OI std::__copy_move_a2(_II, _II, _OI) [with bool _IsMove = true; _II = MIDIEvent*; _OI = MIDIEvent*]	32	static
cpp_type_traits.h:408:5:_Iterator std::__miter_base(_Iterator) [with _Iterator = MIDIEvent**]	16	static
stl_algobase.h:420:5:_OI std::__copy_move_a2(_II, _II, _OI) [with bool _IsMove = false; _II = MIDIEvent**; _OI = MIDIEvent**]	32	static
stl_algobase.h:595:5:_BI2 std::__copy_move_backward_a2(_BI1, _BI1, _BI2) [with bool _IsMove = false; _BI1 = MIDIEvent**; _BI2 = MIDIEvent**]	32	static
stl_deque.h:593:7:std::_Deque_base<_Tp, _Alloc>::_Map_alloc_type std::_Deque_base<_Tp, _Alloc>::_M_get_map_allocator() const [with _Tp = MIDIEvent; _Alloc = std::allocator<MIDIEvent>]	16	static
allocator.h:139:7:std::allocator< <template-parameter-1-1> >::~allocator() [with _Tp = MIDIEvent*]	16	static
alloc_traits.h:435:7:static _Tp* std::allocator_traits<std::allocator<_Tp1> >::allocate(std::allocator_traits<std::allocator<_Tp1> >::allocator_type&, std::allocator_traits<std::allocator<_Tp1> >::size_type) [with _Tp = MIDIEvent*]	16	static
alloc_traits.h:461:7:static void std::allocator_traits<std::allocator<_Tp1> >::deallocate(std::allocator_traits<std::allocator<_Tp1> >::allocator_type&, std::allocator_traits<std::allocator<_Tp1> >::pointer, std::allocator_traits<std::allocator<_Tp1> >::size_type) [with _Tp = MIDIEvent*]	24	static
new_allocator.h:113:7:__gnu_cxx::new_allocator<_Tp>::size_type __gnu_cxx::new_allocator<_Tp>::max_size() const [with _Tp = MIDIEvent]	16	static
stl_algobase.h:277:5:_Iterator std::__niter_base(_Iterator) [with _Iterator = MIDIEvent*]	16	static
stl_algobase.h:577:5:_BI2 std::__copy_move_backward_a(_BI1, _BI1, _BI2) [with bool _IsMove = true; _BI1 = MIDIEvent*; _BI2 = MIDIEvent*]	32	static
stl_algobase.h:375:5:_OI std::__copy_move_a(_II, _II, _OI) [with bool _IsMove = true; _II = MIDIEvent*; _OI = MIDIEvent*]	32	static
stl_algobase.h:277:5:_Iterator std::__niter_base(_Iterator) [with _Iterator = MIDIEvent**]	16	static
stl_algobase.h:375:5:_OI std::__copy_move_a(_II, _II, _OI) [with bool _IsMove = false; _II = MIDIEvent**; _OI = MIDIEvent**]	32	static
stl_algobase.h:577:5:_BI2 std::__copy_move_backward_a(_BI1, _BI1, _BI2) [with bool _IsMove = false; _BI1 = MIDIEvent**; _BI2 = MIDIEvent**]	32	static
stl_deque.h:589:7:const _Tp_alloc_type& std::_Deque_base<_Tp, _Alloc>::_M_get_Tp_allocator() const [with _Tp = MIDIEvent; _Alloc = std::allocator<MIDIEvent>]	16	static
allocator.h:137:9:std::allocator< <template-parameter-1-1> >::allocator(const std::allocator<_Tp1>&) [with _Tp1 = MIDIEvent; _Tp = MIDIEvent*]	16	static
new_allocator.h:86:7:__gnu_cxx::new_allocator<_Tp>::~new_allocator() [with _Tp = MIDIEvent*]	16	static
new_allocator.h:99:7:_Tp* __gnu_cxx::new_allocator<_Tp>::allocate(__gnu_cxx::new_allocator<_Tp>::size_type, const void*) [with _Tp = MIDIEvent*]	24	static
new_allocator.h:109:7:void __gnu_cxx::new_allocator<_Tp>::deallocate(__gnu_cxx::new_allocator<_Tp>::pointer, __gnu_cxx::new_allocator<_Tp>::size_type) [with _Tp = MIDIEvent*]	24	static
stl_algobase.h:559:9:static _Tp* std::__copy_move_backward<_IsMove, true, std::random_access_iterator_tag>::__copy_move_b(const _Tp*, const _Tp*, _Tp*) [with _Tp = MIDIEvent; bool _IsMove = true]	32	static
stl_algobase.h:357:9:static _Tp* std::__copy_move<_IsMove, true, std::random_access_iterator_tag>::__copy_m(const _Tp*, const _Tp*, _Tp*) [with _Tp = MIDIEvent; bool _IsMove = true]	32	static
stl_algobase.h:357:9:static _Tp* std::__copy_move<_IsMove, true, std::random_access_iterator_tag>::__copy_m(const _Tp*, const _Tp*, _Tp*) [with _Tp = MIDIEvent*; bool _IsMove = false]	32	static
stl_algobase.h:559:9:static _Tp* std::__copy_move_backward<_IsMove, true, std::random_access_iterator_tag>::__copy_move_b(const _Tp*, const _Tp*, _Tp*) [with _Tp = MIDIEvent*; bool _IsMove = false]	32	static
new_allocator.h:79:7:__gnu_cxx::new_allocator<_Tp>::new_allocator() [with _Tp = MIDIEvent*]	16	static
new_allocator.h:113:7:__gnu_cxx::new_allocator<_Tp>::size_type __gnu_cxx::new_allocator<_Tp>::max_size() const [with _Tp = MIDIEvent*]	16	static
midi.cpp:116:19:void __tcf_0(void*)	24	static
midi.cpp:123:1:void __static_initialization_and_destruction_0(int, int)	72	static
midi.cpp:123:1:cpp)	8	static
