gthr-default.h:229:1:int __gthread_key_delete(__gthread_key_t)	16	static
ios_base.h:129:3:constexpr std::_Ios_Openmode std::operator|(std::_Ios_Openmode, std::_Ios_Openmode)	16	static
cmath:1790:3:constexpr float std::round(float)	16	static
ui.h:28:8:MenuItem::~MenuItem()	16	static
ui.cpp:3:6:void UI::DrawUI()	224	static
ui.cpp:37:84:UI::MenuAction(encoderType*, const volatile int8_t&)::<lambda(MenuItem)>	16	static
ui.cpp:26:6:void UI::MenuAction(encoderType*, const volatile int8_t&)	64	static
ui.cpp:55:6:void UI::EncoderAction(encoderType, int8_t)	40	static
ui.cpp:110:6:void UI::DrawMenu()	248	static
ui.cpp:134:6:void UI::handleEncoders()	24	static
ui.cpp:184:6:void UI::ResetMode()	24	static
ui.cpp:224:13:std::__cxx11::string UI::EncoderLabel(encoderType)	120	static
ui.cpp:250:13:std::__cxx11::string UI::floatToString(float, bool)	312	static
ui.cpp:271:13:std::__cxx11::string UI::intToString(uint16_t)	232	static
move.h:101:5:constexpr typename std::remove_reference< <template-parameter-1-1> >::type&& std::move(_Tp&&) [with _Tp = std::__cxx11::basic_string<char>&]	16	static
basic_string.h:5033:5:std::__cxx11::basic_string<_CharT, _Traits, _Alloc> std::operator+(const _CharT*, std::__cxx11::basic_string<_CharT, _Traits, _Alloc>&&) [with _CharT = char; _Traits = std::char_traits<char>; _Alloc = std::allocator<char>]	24	static
basic_string.h:5045:5:std::__cxx11::basic_string<_CharT, _Traits, _Alloc> std::operator+(std::__cxx11::basic_string<_CharT, _Traits, _Alloc>&&, const _CharT*) [with _CharT = char; _Traits = std::char_traits<char>; _Alloc = std::allocator<char>]	24	static
stl_vector.h:621:7:std::vector<_Tp, _Alloc>::const_iterator std::vector<_Tp, _Alloc>::cbegin() const [with _Tp = MenuItem; _Alloc = std::allocator<MenuItem>]	24	static
stl_vector.h:630:7:std::vector<_Tp, _Alloc>::const_iterator std::vector<_Tp, _Alloc>::cend() const [with _Tp = MenuItem; _Alloc = std::allocator<MenuItem>]	24	static
stl_algo.h:3808:5:_IIter std::find_if(_IIter, _IIter, _Predicate) [with _IIter = __gnu_cxx::__normal_iterator<const MenuItem*, std::vector<MenuItem> >; _Predicate = UI::MenuAction(encoderType*, const volatile int8_t&)::<lambda(MenuItem)>]	24	static
stl_iterator.h:877:5:bool __gnu_cxx::operator!=(const __gnu_cxx::__normal_iterator<_Iterator, _Container>&, const __gnu_cxx::__normal_iterator<_Iterator, _Container>&) [with _Iterator = const MenuItem*; _Container = std::vector<MenuItem>]	24	static
stl_iterator.h:837:7:__gnu_cxx::__normal_iterator<_Iterator, _Container> __gnu_cxx::__normal_iterator<_Iterator, _Container>::operator-(__gnu_cxx::__normal_iterator<_Iterator, _Container>::difference_type) const [with _Iterator = const MenuItem*; _Container = std::vector<MenuItem>]	24	static
stl_iterator.h:825:7:__gnu_cxx::__normal_iterator<_Iterator, _Container>& __gnu_cxx::__normal_iterator<_Iterator, _Container>::operator+=(__gnu_cxx::__normal_iterator<_Iterator, _Container>::difference_type) [with _Iterator = const MenuItem*; _Container = std::vector<MenuItem>]	16	static
stl_iterator.h:793:7:__gnu_cxx::__normal_iterator<_Iterator, _Container>::pointer __gnu_cxx::__normal_iterator<_Iterator, _Container>::operator->() const [with _Iterator = const MenuItem*; _Container = std::vector<MenuItem>]	16	static
stl_algobase.h:195:5:const _Tp& std::min(const _Tp&, const _Tp&) [with _Tp = int]	16	static
stl_algobase.h:219:5:const _Tp& std::max(const _Tp&, const _Tp&) [with _Tp = int]	16	static
stl_iterator.h:804:7:__gnu_cxx::__normal_iterator<_Iterator, _Container> __gnu_cxx::__normal_iterator<_Iterator, _Container>::operator++(int) [with _Iterator = const MenuItem*; _Container = std::vector<MenuItem>]	24	static
stl_iterator.h:776:7:__gnu_cxx::__normal_iterator<_Iterator, _Container>::__normal_iterator(const _Iterator&) [with _Iterator = const MenuItem*; _Container = std::vector<MenuItem>]	16	static
predefined_ops.h:246:5:__gnu_cxx::__ops::_Iter_pred<_Predicate> __gnu_cxx::__ops::__pred_iter(_Predicate) [with _Predicate = UI::MenuAction(encoderType*, const volatile int8_t&)::<lambda(MenuItem)>]	24	static
stl_algo.h:159:5:_Iterator std::__find_if(_Iterator, _Iterator, _Predicate) [with _Iterator = __gnu_cxx::__normal_iterator<const MenuItem*, std::vector<MenuItem> >; _Predicate = __gnu_cxx::__ops::_Iter_pred<UI::MenuAction(encoderType*, const volatile int8_t&)::<lambda(MenuItem)> >]	40	static
stl_iterator.h:841:7:const _Iterator& __gnu_cxx::__normal_iterator<_Iterator, _Container>::base() const [with _Iterator = const MenuItem*; _Container = std::vector<MenuItem>]	16	static
predefined_ops.h:234:7:__gnu_cxx::__ops::_Iter_pred<_Predicate>::_Iter_pred(_Predicate) [with _Predicate = UI::MenuAction(encoderType*, const volatile int8_t&)::<lambda(MenuItem)>]	16	static
stl_iterator_base_types.h:204:5:typename std::iterator_traits<_Iterator>::iterator_category std::__iterator_category(const _Iter&) [with _Iter = __gnu_cxx::__normal_iterator<const MenuItem*, std::vector<MenuItem> >]	16	static
stl_algo.h:112:5:_RandomAccessIterator std::__find_if(_RandomAccessIterator, _RandomAccessIterator, _Predicate, std::random_access_iterator_tag) [with _RandomAccessIterator = __gnu_cxx::__normal_iterator<const MenuItem*, std::vector<MenuItem> >; _Predicate = __gnu_cxx::__ops::_Iter_pred<UI::MenuAction(encoderType*, const volatile int8_t&)::<lambda(MenuItem)> >]	32	static
stl_iterator.h:959:5:typename __gnu_cxx::__normal_iterator<_Iterator, _Container>::difference_type __gnu_cxx::operator-(const __gnu_cxx::__normal_iterator<_Iterator, _Container>&, const __gnu_cxx::__normal_iterator<_Iterator, _Container>&) [with _Iterator = const MenuItem*; _Container = std::vector<MenuItem>]	24	static
ui.h:28:8:MenuItem::MenuItem(const MenuItem&)	16	static
predefined_ops.h:240:2:bool __gnu_cxx::__ops::_Iter_pred<_Predicate>::operator()(_Iterator) [with _Iterator = __gnu_cxx::__normal_iterator<const MenuItem*, std::vector<MenuItem> >; _Predicate = UI::MenuAction(encoderType*, const volatile int8_t&)::<lambda(MenuItem)>]	80	static
stl_iterator.h:797:7:__gnu_cxx::__normal_iterator<_Iterator, _Container>& __gnu_cxx::__normal_iterator<_Iterator, _Container>::operator++() [with _Iterator = const MenuItem*; _Container = std::vector<MenuItem>]	16	static
stl_iterator.h:789:7:__gnu_cxx::__normal_iterator<_Iterator, _Container>::reference __gnu_cxx::__normal_iterator<_Iterator, _Container>::operator*() const [with _Iterator = const MenuItem*; _Container = std::vector<MenuItem>]	16	static
